undefined [INFO] [App] Initializing framework
undefined [INFO] [App] Loading commands
undefined [INFO] [App] Loaded command: ping
undefined [INFO] [App] Loaded 1 command(s).
undefined [INFO] [App] Loading events
undefined [INFO] [App] Loaded event: interactionCreate
undefined [INFO] [App] Loaded event: clientReady
undefined [INFO] [App] Loaded 2 event(s).
undefined [INFO] [App] Attempt 1
undefined [INFO] [App] Connecting to Discord...
undefined [WARN] [App] Attempt 1 failed
undefined [INFO] [App] Retrying in 5000 ms
undefined [INFO] [App] Attempt 2
undefined [INFO] [App] Connecting to Discord...
undefined [INFO] [App] Shard 0 ready
undefined [INFO] [App] ============================================================
undefined [INFO] [App] Discord Bot
undefined [INFO] [App] ============================================================
undefined [INFO] [App] Bot         : mary#0992
undefined [INFO] [App] Bot ID      : 1527412474960281640
undefined [INFO] [App] Guilds      : 1
undefined [INFO] [App] Node.js     : v24.18.0
undefined [INFO] [App] Environment : development
undefined [INFO] [App] ============================================================
undefined [INFO] [App] Discord connection established
undefined [INFO] [App] Framework started
undefined [INFO] [App] Shard 0 reconnecting
undefined [INFO] [App] Shard 0 ready
undefined [INFO] [App] Shard 0 reconnecting
undefined [INFO] [App] Shard 0 reconnecting
2026-07-18 15:39:02 [INFO] [Bootstrap] Initializing framework
2026-07-18 15:39:02 [INFO] [Bootstrap] Loading commands
2026-07-18 15:39:02 [INFO] [CommandHandler] Loaded command: ping
2026-07-18 15:39:02 [INFO] [CommandHandler] Loaded 1 command(s).
2026-07-18 15:39:02 [INFO] [Bootstrap] Loading events
2026-07-18 15:39:02 [INFO] [EventHandler] Loaded event: interactionCreate
2026-07-18 15:39:02 [INFO] [EventHandler] Loaded event: clientReady
2026-07-18 15:39:02 [INFO] [EventHandler] Loaded 2 event(s).
2026-07-18 15:39:02 [INFO] [Retry] Attempt 1
2026-07-18 15:39:02 [INFO] [ClientManager] Connecting to Discord...
2026-07-18 15:39:13 [WARN] [Retry] Attempt 1 failed
2026-07-18 15:39:13 [INFO] [Retry] Retrying in 5000 ms
2026-07-18 15:39:18 [INFO] [Retry] Attempt 2
2026-07-18 15:39:18 [INFO] [ClientManager] Connecting to Discord...
2026-07-18 15:39:29 [WARN] [Retry] Attempt 2 failed
2026-07-18 15:39:29 [INFO] [Retry] Retrying in 10000 ms
2026-07-18 15:39:39 [INFO] [Retry] Attempt 3
2026-07-18 15:39:39 [INFO] [ClientManager] Connecting to Discord...
2026-07-18 15:39:49 [WARN] [Retry] Attempt 3 failed
2026-07-18 15:39:49 [INFO] [Retry] Retrying in 20000 ms
2026-07-18 15:40:09 [INFO] [Retry] Attempt 4
2026-07-18 15:40:09 [INFO] [ClientManager] Connecting to Discord...
2026-07-18 15:40:20 [WARN] [Retry] Attempt 4 failed
2026-07-18 15:40:20 [INFO] [Retry] Retrying in 40000 ms
2026-07-18 15:41:00 [INFO] [Retry] Attempt 5
2026-07-18 15:41:00 [INFO] [ClientManager] Connecting to Discord...
2026-07-18 15:41:11 [WARN] [Retry] Attempt 5 failed
2026-07-18 15:41:11 [INFO] [Retry] Retrying in 60000 ms
2026-07-18 15:42:11 [INFO] [Retry] Attempt 6
2026-07-18 15:42:11 [INFO] [ClientManager] Connecting to Discord...
2026-07-18 15:42:21 [WARN] [Retry] Attempt 6 failed
2026-07-18 15:42:21 [INFO] [Retry] Retrying in 60000 ms
2026-07-18 15:43:21 [INFO] [Retry] Attempt 7
2026-07-18 15:43:21 [INFO] [ClientManager] Connecting to Discord...
2026-07-18 15:43:32 [WARN] [Retry] Attempt 7 failed
2026-07-18 15:43:32 [INFO] [Retry] Retrying in 60000 ms
2026-07-18 15:44:32 [INFO] [Retry] Attempt 8
2026-07-18 15:44:32 [INFO] [ClientManager] Connecting to Discord...
2026-07-18 15:44:42 [WARN] [Retry] Attempt 8 failed
2026-07-18 15:44:42 [INFO] [Retry] Retrying in 60000 ms
2026-07-18 15:45:42 [INFO] [Retry] Attempt 9
2026-07-18 15:45:42 [INFO] [ClientManager] Connecting to Discord...
2026-07-18 15:45:47 [INFO] [ClientManager] Discord connection established
2026-07-18 15:45:47 [INFO] [Bootstrap] Framework started
2026-07-18 15:45:47 [INFO] [ClientManager] Shard 0 ready
2026-07-18 15:45:47 [INFO] [Ready] ============================================================
2026-07-18 15:45:47 [INFO] [Ready] Discord Bot
2026-07-18 15:45:47 [INFO] [Ready] ============================================================
2026-07-18 15:45:47 [INFO] [Ready] Bot         : mary#0992
2026-07-18 15:45:47 [INFO] [Ready] Bot ID      : 1527412474960281640
2026-07-18 15:45:47 [INFO] [Ready] Guilds      : 1
2026-07-18 15:45:47 [INFO] [Ready] Node.js     : v24.18.0
2026-07-18 15:45:47 [INFO] [Ready] Environment : development
2026-07-18 15:45:47 [INFO] [Ready] ============================================================
2026-07-18 16:28:38 [INFO] [Bootstrap] Initializing framework
2026-07-18 16:28:38 [INFO] [Bootstrap] Loading commands
2026-07-18 16:28:38 [INFO] [CommandHandler] Loaded command: ping
2026-07-18 16:28:38 [INFO] [CommandHandler] Loaded 1 command(s).
2026-07-18 16:28:38 [INFO] [Bootstrap] Loading events
2026-07-18 16:28:38 [INFO] [EventHandler] Loaded event: interactionCreate
2026-07-18 16:28:38 [INFO] [EventHandler] Loaded event: clientReady
2026-07-18 16:28:38 [INFO] [EventHandler] Loaded 2 event(s).
2026-07-18 16:28:38 [INFO] [Retry] Attempt 1
2026-07-18 16:28:38 [INFO] [ClientManager] Connecting to Discord...
2026-07-18 16:28:49 [WARN] [Retry] Attempt 1 failed
2026-07-18 16:28:49 [INFO] [Retry] Retrying in 5000 ms
2026-07-18 16:28:54 [INFO] [Retry] Attempt 2
2026-07-18 16:28:54 [INFO] [ClientManager] Connecting to Discord...
2026-07-18 16:28:56 [INFO] [ClientManager] Shard 0 ready
2026-07-18 16:28:56 [INFO] [Ready] ============================================================
2026-07-18 16:28:56 [INFO] [Ready] Discord Bot
2026-07-18 16:28:56 [INFO] [Ready] ============================================================
2026-07-18 16:28:56 [INFO] [Ready] Bot         : mary#0992
2026-07-18 16:28:56 [INFO] [Ready] Bot ID      : 1527412474960281640
2026-07-18 16:28:56 [INFO] [Ready] Guilds      : 1
2026-07-18 16:28:56 [INFO] [Ready] Node.js     : v24.18.0
2026-07-18 16:28:56 [INFO] [Ready] Environment : development
2026-07-18 16:28:56 [INFO] [Ready] ============================================================
2026-07-18 16:28:56 [INFO] [ClientManager] Discord connection established
2026-07-18 16:28:56 [INFO] [Bootstrap] Framework started
2026-07-18 16:33:41 [INFO] [Bootstrap] Initializing framework
2026-07-18 16:33:41 [INFO] [Bootstrap] Loading commands
2026-07-18 16:33:41 [INFO] [CommandHandler] Loaded command: ping
2026-07-18 16:33:41 [INFO] [CommandHandler] Loaded 1 command(s).
2026-07-18 16:33:41 [INFO] [Bootstrap] Loading events
2026-07-18 16:33:41 [INFO] [EventHandler] Loaded event: interactionCreate
2026-07-18 16:33:41 [INFO] [EventHandler] Loaded event: clientReady
2026-07-18 16:33:41 [INFO] [EventHandler] Loaded 2 event(s).
2026-07-18 16:33:41 [INFO] [Retry] Attempt 1
2026-07-18 16:33:41 [INFO] [ClientManager] Connecting to Discord...
2026-07-18 16:33:55 [INFO] [ClientManager] Discord connection established
2026-07-18 16:33:55 [INFO] [Bootstrap] Framework started
2026-07-18 16:33:55 [INFO] [ClientManager] Shard 0 ready
2026-07-18 16:33:55 [INFO] [Ready] ============================================================
2026-07-18 16:33:55 [INFO] [Ready] Discord Bot
2026-07-18 16:33:55 [INFO] [Ready] ============================================================
2026-07-18 16:33:55 [INFO] [Ready] Bot         : mary#0992
2026-07-18 16:33:55 [INFO] [Ready] Bot ID      : 1527412474960281640
2026-07-18 16:33:55 [INFO] [Ready] Guilds      : 1
2026-07-18 16:33:55 [INFO] [Ready] Node.js     : v24.18.0
2026-07-18 16:33:55 [INFO] [Ready] Environment : development
2026-07-18 16:33:55 [INFO] [Ready] ============================================================
2026-07-18 16:38:57 [INFO] [ClientManager] Shard 0 reconnecting
2026-07-18 16:47:52 [INFO] [Bootstrap] Initializing framework
2026-07-18 16:47:52 [INFO] [Bootstrap] Loading commands
2026-07-18 16:47:52 [INFO] [CommandHandler] Loaded command: ping
2026-07-18 16:47:52 [INFO] [CommandHandler] Loaded 1 command(s).
2026-07-18 16:47:52 [INFO] [Bootstrap] Loading events
2026-07-18 16:47:52 [INFO] [EventHandler] Loaded event: interactionCreate
2026-07-18 16:47:52 [INFO] [EventHandler] Loaded event: clientReady
2026-07-18 16:47:52 [INFO] [EventHandler] Loaded 2 event(s).
2026-07-18 16:47:52 [INFO] [Retry] Attempt 1
2026-07-18 16:47:52 [INFO] [ClientManager] Connecting to Discord...
2026-07-18 16:48:07 [INFO] [ClientManager] Discord connection established
2026-07-18 16:48:07 [INFO] [Bootstrap] Framework started
2026-07-18 16:48:07 [INFO] [ClientManager] Shard 0 ready
2026-07-18 16:48:07 [INFO] [Ready] ============================================================
2026-07-18 16:48:07 [INFO] [Ready] Discord Bot
2026-07-18 16:48:07 [INFO] [Ready] ============================================================
2026-07-18 16:48:07 [INFO] [Ready] Bot         : mary#0992
2026-07-18 16:48:07 [INFO] [Ready] Bot ID      : 1527412474960281640
2026-07-18 16:48:07 [INFO] [Ready] Guilds      : 1
2026-07-18 16:48:07 [INFO] [Ready] Node.js     : v24.18.0
2026-07-18 16:48:07 [INFO] [Ready] Environment : development
2026-07-18 16:48:07 [INFO] [Ready] ============================================================
2026-07-18 16:57:27 [INFO] [Process] SIGINT received
2026-07-18 19:55:28 [INFO] [Bootstrap] Initializing framework
2026-07-18 19:55:28 [INFO] [Bootstrap] Loading commands
2026-07-18 19:55:28 [INFO] [CommandHandler] Loaded command: ping
2026-07-18 19:55:28 [INFO] [CommandHandler] Loaded 1 command(s).
2026-07-18 19:55:28 [INFO] [Bootstrap] Loading events
2026-07-18 19:55:28 [INFO] [EventHandler] Loaded event: interactionCreate
2026-07-18 19:55:28 [INFO] [EventHandler] Loaded event: clientReady
2026-07-18 19:55:28 [INFO] [EventHandler] Loaded 2 event(s).
2026-07-18 19:55:28 [INFO] [Retry] Attempt 1
2026-07-18 19:55:28 [INFO] [ClientManager] Connecting to Discord...
2026-07-18 19:55:39 [WARN] [Retry] Attempt 1 failed
2026-07-18 19:55:39 [INFO] [Retry] Retrying in 5000 ms
2026-07-18 19:55:44 [INFO] [Retry] Attempt 2
2026-07-18 19:55:44 [INFO] [ClientManager] Connecting to Discord...
2026-07-18 19:55:58 [INFO] [ClientManager] Discord connection established
2026-07-18 19:55:58 [INFO] [Bootstrap] Framework started
2026-07-18 19:55:58 [INFO] [ClientManager] Shard 0 ready
2026-07-18 19:55:58 [INFO] [Ready] ============================================================
2026-07-18 19:55:58 [INFO] [Ready] Discord Bot
2026-07-18 19:55:58 [INFO] [Ready] ============================================================
2026-07-18 19:55:58 [INFO] [Ready] Bot         : mary#0992
2026-07-18 19:55:58 [INFO] [Ready] Bot ID      : 1527412474960281640
2026-07-18 19:55:58 [INFO] [Ready] Guilds      : 1
2026-07-18 19:55:58 [INFO] [Ready] Node.js     : v24.18.0
2026-07-18 19:55:58 [INFO] [Ready] Environment : development
2026-07-18 19:55:58 [INFO] [Ready] ============================================================
