2026-07-18 02:56:21 [INFO] Loading commands
2026-07-18 02:56:21 [INFO] Loading events
2026-07-18 02:56:21 [INFO] Connecting to Discord
2026-07-18 02:56:23 [INFO] Bot is online
2026-07-18 02:56:23 [INFO] Logger INFO works.
2026-07-18 02:56:23 [WARN] Logger WARN works.
2026-07-18 02:56:23 [ERROR] Logger ERROR works.
2026-07-18 02:56:23 [DEBUG] Logger DEBUG works.
2026-07-18 02:56:23 [INFO] Shard 0 ready
2026-07-18 03:05:13 [INFO] Loading commands
2026-07-18 03:05:13 [INFO] Loaded command: ping
2026-07-18 03:05:13 [INFO] Loaded 1 command(s).
2026-07-18 03:05:13 [INFO] Loading events
2026-07-18 03:05:13 [INFO] Loaded event: interactionCreate
2026-07-18 03:05:13 [INFO] Loaded event: clientReady
2026-07-18 03:05:13 [INFO] Loaded 2 event(s).
2026-07-18 03:05:13 [INFO] Connecting to Discord
2026-07-18 03:05:24 [ERROR] Startup failed Connect Timeout Error (attempted address: discord.com:443, timeout: 10000ms)
2026-07-18 03:06:11 [INFO] Loading commands
2026-07-18 03:06:11 [INFO] Loaded command: ping
2026-07-18 03:06:11 [INFO] Loaded 1 command(s).
2026-07-18 03:06:11 [INFO] Loading events
2026-07-18 03:06:11 [INFO] Loaded event: interactionCreate
2026-07-18 03:06:11 [INFO] Loaded event: clientReady
2026-07-18 03:06:11 [INFO] Loaded 2 event(s).
2026-07-18 03:06:11 [INFO] Connecting to Discord
2026-07-18 03:06:22 [ERROR] Startup failed Connect Timeout Error (attempted address: discord.com:443, timeout: 10000ms)
2026-07-18 03:06:30 [INFO] Loading commands
2026-07-18 03:06:31 [INFO] Loaded command: ping
2026-07-18 03:06:31 [INFO] Loaded 1 command(s).
2026-07-18 03:06:31 [INFO] Loading events
2026-07-18 03:06:31 [INFO] Loaded event: interactionCreate
2026-07-18 03:06:31 [INFO] Loaded event: clientReady
2026-07-18 03:06:31 [INFO] Loaded 2 event(s).
2026-07-18 03:06:31 [INFO] Connecting to Discord
2026-07-18 03:06:41 [ERROR] Startup failed Connect Timeout Error (attempted address: discord.com:443, timeout: 10000ms)
2026-07-18 03:06:57 [INFO] Loading commands
2026-07-18 03:06:57 [INFO] Loaded command: ping
2026-07-18 03:06:57 [INFO] Loaded 1 command(s).
2026-07-18 03:06:57 [INFO] Loading events
2026-07-18 03:06:57 [INFO] Loaded event: interactionCreate
2026-07-18 03:06:57 [INFO] Loaded event: clientReady
2026-07-18 03:06:57 [INFO] Loaded 2 event(s).
2026-07-18 03:06:57 [INFO] Connecting to Discord
2026-07-18 03:07:08 [ERROR] Startup failed Connect Timeout Error (attempted address: discord.com:443, timeout: 10000ms)
2026-07-18 03:07:22 [INFO] Loading commands
2026-07-18 03:07:22 [INFO] Loaded command: ping
2026-07-18 03:07:22 [INFO] Loaded 1 command(s).
2026-07-18 03:07:22 [INFO] Loading events
2026-07-18 03:07:22 [INFO] Loaded event: interactionCreate
2026-07-18 03:07:22 [INFO] Loaded event: clientReady
2026-07-18 03:07:22 [INFO] Loaded 2 event(s).
2026-07-18 03:07:22 [INFO] Connecting to Discord
2026-07-18 03:07:32 [ERROR] Startup failed Connect Timeout Error (attempted address: discord.com:443, timeout: 10000ms)
2026-07-18 03:07:53 [INFO] Loading commands
2026-07-18 03:07:53 [INFO] Loaded command: ping
2026-07-18 03:07:53 [INFO] Loaded 1 command(s).
2026-07-18 03:07:53 [INFO] Loading events
2026-07-18 03:07:53 [INFO] Loaded event: interactionCreate
2026-07-18 03:07:53 [INFO] Loaded event: clientReady
2026-07-18 03:07:53 [INFO] Loaded 2 event(s).
2026-07-18 03:07:53 [INFO] Connecting to Discord
2026-07-18 03:08:03 [ERROR] Startup failed Connect Timeout Error (attempted address: discord.com:443, timeout: 10000ms)
2026-07-18 03:09:14 [INFO] Loading commands
2026-07-18 03:09:14 [INFO] Loaded command: ping
2026-07-18 03:09:14 [INFO] Loaded 1 command(s).
2026-07-18 03:09:14 [INFO] Loading events
2026-07-18 03:09:14 [INFO] Loaded event: interactionCreate
2026-07-18 03:09:14 [INFO] Loaded event: clientReady
2026-07-18 03:09:14 [INFO] Loaded 2 event(s).
2026-07-18 03:09:14 [INFO] Connecting to Discord
2026-07-18 03:09:25 [ERROR] Startup failed Connect Timeout Error (attempted address: discord.com:443, timeout: 10000ms)
2026-07-18 03:11:17 [INFO] Loading commands
2026-07-18 03:11:17 [INFO] Loaded command: ping
2026-07-18 03:11:17 [INFO] Loaded 1 command(s).
2026-07-18 03:11:17 [INFO] Loading events
2026-07-18 03:11:17 [INFO] Loaded event: interactionCreate
2026-07-18 03:11:17 [INFO] Loaded event: clientReady
2026-07-18 03:11:17 [INFO] Loaded 2 event(s).
2026-07-18 03:11:17 [INFO] Connecting to Discord
2026-07-18 03:11:28 [ERROR] Startup failed Connect Timeout Error (attempted address: discord.com:443, timeout: 10000ms)
2026-07-18 03:11:48 [INFO] Loading commands
2026-07-18 03:11:48 [INFO] Loaded command: ping
2026-07-18 03:11:48 [INFO] Loaded 1 command(s).
2026-07-18 03:11:48 [INFO] Loading events
2026-07-18 03:11:48 [INFO] Loaded event: interactionCreate
2026-07-18 03:11:48 [INFO] Loaded event: clientReady
2026-07-18 03:11:48 [INFO] Loaded 2 event(s).
2026-07-18 03:11:48 [INFO] Connecting to Discord
2026-07-18 03:11:50 [INFO] Bot is online
2026-07-18 03:11:50 [INFO] Logger INFO works.
2026-07-18 03:11:50 [WARN] Logger WARN works.
2026-07-18 03:11:50 [ERROR] Logger ERROR works.
2026-07-18 03:11:50 [DEBUG] Logger DEBUG works.
2026-07-18 03:11:50 [INFO] Shard 0 ready
2026-07-18 03:11:50 [INFO] ============================================================
2026-07-18 03:11:50 [INFO] Discord Bot
2026-07-18 03:11:50 [INFO] ============================================================
2026-07-18 03:11:50 [INFO] Bot         : mary#0992
2026-07-18 03:11:50 [INFO] Bot ID      : 1527412474960281640
2026-07-18 03:11:50 [INFO] Guilds      : 1
2026-07-18 03:11:50 [INFO] Node.js     : v24.18.0
2026-07-18 03:11:50 [INFO] Environment : development
2026-07-18 03:11:50 [INFO] ============================================================
2026-07-18 03:28:23 [INFO] Initializing framework
2026-07-18 03:28:23 [INFO] Loading commands
2026-07-18 03:28:23 [INFO] Loaded command: ping
2026-07-18 03:28:23 [INFO] Loaded 1 command(s).
2026-07-18 03:28:23 [INFO] Loading events
2026-07-18 03:28:23 [INFO] Loaded event: interactionCreate
2026-07-18 03:28:23 [INFO] Loaded event: clientReady
2026-07-18 03:28:23 [INFO] Loaded 2 event(s).
2026-07-18 03:28:23 [INFO] Connecting to Discord
2026-07-18 03:28:34 [ERROR] Application startup failed Connect Timeout Error (attempted address: discord.com:443, timeout: 10000ms)
2026-07-18 03:28:49 [INFO] Initializing framework
2026-07-18 03:28:49 [INFO] Loading commands
2026-07-18 03:28:49 [INFO] Loaded command: ping
2026-07-18 03:28:49 [INFO] Loaded 1 command(s).
2026-07-18 03:28:49 [INFO] Loading events
2026-07-18 03:28:49 [INFO] Loaded event: interactionCreate
2026-07-18 03:28:49 [INFO] Loaded event: clientReady
2026-07-18 03:28:49 [INFO] Loaded 2 event(s).
2026-07-18 03:28:49 [INFO] Connecting to Discord
2026-07-18 03:28:59 [ERROR] Application startup failed Connect Timeout Error (attempted address: discord.com:443, timeout: 10000ms)
2026-07-18 03:29:03 [INFO] Initializing framework
2026-07-18 03:29:03 [INFO] Loading commands
2026-07-18 03:29:03 [INFO] Loaded command: ping
2026-07-18 03:29:03 [INFO] Loaded 1 command(s).
2026-07-18 03:29:03 [INFO] Loading events
2026-07-18 03:29:03 [INFO] Loaded event: interactionCreate
2026-07-18 03:29:03 [INFO] Loaded event: clientReady
2026-07-18 03:29:03 [INFO] Loaded 2 event(s).
2026-07-18 03:29:03 [INFO] Connecting to Discord
2026-07-18 03:29:05 [INFO] Framework started
2026-07-18 03:29:05 [INFO] Shard 0 ready
2026-07-18 03:29:05 [INFO] ============================================================
2026-07-18 03:29:05 [INFO] Discord Bot
2026-07-18 03:29:05 [INFO] ============================================================
2026-07-18 03:29:05 [INFO] Bot         : mary#0992
2026-07-18 03:29:05 [INFO] Bot ID      : 1527412474960281640
2026-07-18 03:29:05 [INFO] Guilds      : 1
2026-07-18 03:29:05 [INFO] Node.js     : v24.18.0
2026-07-18 03:29:05 [INFO] Environment : development
2026-07-18 03:29:05 [INFO] ============================================================
2026-07-18 03:29:58 [ERROR] Discord Client Error Unknown interaction
2026-07-18 03:29:59 [ERROR] Discord Client Error Unknown interaction
2026-07-18 03:30:10 [ERROR] Discord Client Error Unknown interaction
2026-07-18 03:30:22 [ERROR] Discord Client Error Unknown interaction
2026-07-18 14:13:20 [INFO] Initializing framework
2026-07-18 14:13:20 [INFO] Loading commands
2026-07-18 14:13:20 [INFO] Loaded command: ping
2026-07-18 14:13:20 [INFO] Loaded 1 command(s).
2026-07-18 14:13:20 [INFO] Loading events
2026-07-18 14:13:20 [INFO] Loaded event: interactionCreate
2026-07-18 14:13:20 [INFO] Loaded event: clientReady
2026-07-18 14:13:20 [INFO] Loaded 2 event(s).
2026-07-18 14:13:20 [INFO] Connecting to Discord
2026-07-18 14:13:31 [ERROR] Application startup failed Connect Timeout Error (attempted address: discord.com:443, timeout: 10000ms)
2026-07-18 14:14:21 [INFO] Initializing framework
2026-07-18 14:14:21 [INFO] Loading commands
2026-07-18 14:14:21 [INFO] Loaded command: ping
2026-07-18 14:14:21 [INFO] Loaded 1 command(s).
2026-07-18 14:14:21 [INFO] Loading events
2026-07-18 14:14:21 [INFO] Loaded event: interactionCreate
2026-07-18 14:14:21 [INFO] Loaded event: clientReady
2026-07-18 14:14:21 [INFO] Loaded 2 event(s).
2026-07-18 14:14:21 [INFO] Connecting to Discord
2026-07-18 14:14:31 [ERROR] Application startup failed Connect Timeout Error (attempted address: discord.com:443, timeout: 10000ms)
2026-07-18 14:15:07 [INFO] Initializing framework
2026-07-18 14:15:07 [INFO] Loading commands
2026-07-18 14:15:07 [INFO] Loaded command: ping
2026-07-18 14:15:07 [INFO] Loaded 1 command(s).
2026-07-18 14:15:07 [INFO] Loading events
2026-07-18 14:15:07 [INFO] Loaded event: interactionCreate
2026-07-18 14:15:07 [INFO] Loaded event: clientReady
2026-07-18 14:15:07 [INFO] Loaded 2 event(s).
2026-07-18 14:15:07 [INFO] Connecting to Discord
2026-07-18 14:15:21 [INFO] Discord connection established
2026-07-18 14:15:21 [INFO] Framework started
2026-07-18 14:15:21 [INFO] Shard 0 ready
2026-07-18 14:15:21 [INFO] ============================================================
2026-07-18 14:15:21 [INFO] Discord Bot
2026-07-18 14:15:21 [INFO] ============================================================
2026-07-18 14:15:21 [INFO] Bot         : mary#0992
2026-07-18 14:15:21 [INFO] Bot ID      : 1527412474960281640
2026-07-18 14:15:21 [INFO] Guilds      : 1
2026-07-18 14:15:21 [INFO] Node.js     : v24.18.0
2026-07-18 14:15:21 [INFO] Environment : development
2026-07-18 14:15:21 [INFO] ============================================================
2026-07-18 14:17:08 [INFO] SIGINT received
2026-07-18 14:24:45 [INFO] Initializing framework
2026-07-18 14:24:45 [INFO] Loading commands
2026-07-18 14:24:45 [INFO] Loaded command: ping
2026-07-18 14:24:45 [INFO] Loaded 1 command(s).
2026-07-18 14:24:45 [INFO] Loading events
2026-07-18 14:24:45 [INFO] Loaded event: interactionCreate
2026-07-18 14:24:45 [INFO] Loaded event: clientReady
2026-07-18 14:24:45 [INFO] Loaded 2 event(s).
2026-07-18 14:24:45 [INFO] Attempt 1
2026-07-18 14:24:45 [INFO] Connecting to Discord...
2026-07-18 14:24:56 [WARN] Attempt 1 failed
2026-07-18 14:24:56 [INFO] Retrying in 5000 ms
2026-07-18 14:25:01 [INFO] Attempt 2
2026-07-18 14:25:01 [INFO] Connecting to Discord...
2026-07-18 14:25:04 [INFO] Shard 0 ready
2026-07-18 14:25:04 [INFO] ============================================================
2026-07-18 14:25:04 [INFO] Discord Bot
2026-07-18 14:25:04 [INFO] ============================================================
2026-07-18 14:25:04 [INFO] Bot         : mary#0992
2026-07-18 14:25:04 [INFO] Bot ID      : 1527412474960281640
2026-07-18 14:25:04 [INFO] Guilds      : 1
2026-07-18 14:25:04 [INFO] Node.js     : v24.18.0
2026-07-18 14:25:04 [INFO] Environment : development
2026-07-18 14:25:04 [INFO] ============================================================
2026-07-18 14:25:04 [INFO] Discord connection established
2026-07-18 14:25:04 [INFO] Framework started
